// Vitest Snapshot v1, https://vitest.dev/guide/snapshot.html

exports[`build-path affix pools > exposes weighted competing families for every class and slot kind > complete affix balance registry 1`] = `
[
  {
    "family": "power",
    "key": "physicalAttack",
    "max": 4,
    "min": 2,
    "slots": [
      "weapon",
      "accessory",
    ],
    "statusId": 20,
    "unit": "rating",
    "weight": 6,
  },
  {
    "family": "power",
    "key": "magicAttack",
    "max": 4,
    "min": 2,
    "slots": [
      "weapon",
      "accessory",
    ],
    "statusId": 22,
    "unit": "rating",
    "weight": 6,
  },
  {
    "family": "defense",
    "key": "physicalDefense",
    "max": 5,
    "min": 2,
    "slots": [
      "accessory",
      "armor",
    ],
    "statusId": 24,
    "unit": "rating",
    "weight": 6,
  },
  {
    "family": "defense",
    "key": "magicDefense",
    "max": 5,
    "min": 2,
    "slots": [
      "accessory",
      "armor",
    ],
    "statusId": 26,
    "unit": "rating",
    "weight": 6,
  },
  {
    "family": "precision",
    "key": "accuracy",
    "max": 3,
    "min": 1,
    "slots": [
      "weapon",
      "accessory",
    ],
    "statusId": 28,
    "unit": "rating",
    "weight": 4,
  },
  {
    "family": "precision",
    "key": "dodge",
    "max": 3,
    "min": 1,
    "slots": [
      "accessory",
      "armor",
    ],
    "statusId": 29,
    "unit": "rating",
    "weight": 4,
  },
  {
    "family": "critical",
    "key": "critical",
    "max": 2,
    "min": 1,
    "slots": [
      "weapon",
      "accessory",
    ],
    "statusId": 30,
    "unit": "rating",
    "weight": 3,
  },
  {
    "family": "critical",
    "key": "criticalDefense",
    "max": 2,
    "min": 1,
    "slots": [
      "accessory",
      "armor",
    ],
    "statusId": 31,
    "unit": "rating",
    "weight": 3,
  },
  {
    "family": "critical",
    "key": "criticalDamage",
    "max": 2,
    "min": 1,
    "slots": [
      "weapon",
      "accessory",
    ],
    "statusId": 32,
    "unit": "rating",
    "weight": 2,
  },
  {
    "family": "critical",
    "key": "criticalDamageReduction",
    "max": 2,
    "min": 1,
    "slots": [
      "accessory",
      "armor",
    ],
    "statusId": 33,
    "unit": "rating",
    "weight": 2,
  },
  {
    "family": "penetration",
    "key": "penetration",
    "max": 60,
    "min": 25,
    "slots": [
      "weapon",
      "accessory",
    ],
    "statusId": 1000001,
    "unit": "basis-points",
    "weight": 2,
  },
  {
    "family": "penetration",
    "key": "penetrationDefense",
    "max": 60,
    "min": 25,
    "slots": [
      "accessory",
      "armor",
    ],
    "statusId": 1000002,
    "unit": "basis-points",
    "weight": 2,
  },
  {
    "family": "control",
    "key": "stunSuccess",
    "max": 150,
    "min": 50,
    "slots": [
      "weapon",
      "accessory",
    ],
    "statusId": 48,
    "unit": "basis-points",
    "weight": 2,
  },
  {
    "family": "control",
    "key": "debilitationSuccess",
    "max": 150,
    "min": 50,
    "slots": [
      "weapon",
      "accessory",
    ],
    "statusId": 50,
    "unit": "basis-points",
    "weight": 2,
  },
  {
    "family": "control",
    "key": "silenceSuccess",
    "max": 150,
    "min": 50,
    "slots": [
      "accessory",
    ],
    "statusId": 52,
    "unit": "basis-points",
    "weight": 1,
  },
  {
    "family": "tenacity",
    "key": "stunResistance",
    "max": 150,
    "min": 50,
    "slots": [
      "accessory",
      "armor",
    ],
    "statusId": 49,
    "unit": "basis-points",
    "weight": 3,
  },
  {
    "family": "tenacity",
    "key": "debilitationResistance",
    "max": 150,
    "min": 50,
    "slots": [
      "accessory",
      "armor",
    ],
    "statusId": 51,
    "unit": "basis-points",
    "weight": 3,
  },
  {
    "family": "tenacity",
    "key": "silenceResistance",
    "max": 150,
    "min": 50,
    "slots": [
      "accessory",
      "armor",
    ],
    "statusId": 53,
    "unit": "basis-points",
    "weight": 2,
  },
  {
    "family": "sustain",
    "key": "maxHp",
    "max": 16,
    "min": 8,
    "slots": [
      "armor",
    ],
    "statusId": 1,
    "unit": "rating",
    "weight": 4,
  },
  {
    "family": "sustain",
    "key": "hpDrain",
    "max": 35,
    "min": 10,
    "slots": [
      "accessory",
    ],
    "statusId": 80,
    "unit": "basis-points",
    "weight": 2,
  },
  {
    "family": "sustain",
    "key": "mpDrain",
    "max": 35,
    "min": 10,
    "slots": [
      "accessory",
    ],
    "statusId": 81,
    "unit": "basis-points",
    "weight": 2,
  },
  {
    "family": "sustain",
    "key": "potionEffect",
    "max": 250,
    "min": 100,
    "slots": [
      "armor",
    ],
    "statusId": 146,
    "unit": "basis-points",
    "weight": 2,
  },
  {
    "family": "sustain",
    "key": "manaPotionEffect",
    "max": 250,
    "min": 100,
    "slots": [
      "armor",
    ],
    "statusId": 147,
    "unit": "basis-points",
    "weight": 2,
  },
  {
    "family": "tempo",
    "key": "cooldownReduction",
    "max": 150,
    "min": 50,
    "slots": [
      "accessory",
    ],
    "statusId": 95,
    "unit": "basis-points",
    "weight": 2,
  },
  {
    "family": "basic",
    "key": "basicAttackDamage",
    "max": 180,
    "min": 60,
    "slots": [
      "weapon",
      "accessory",
    ],
    "statusId": 143,
    "unit": "basis-points",
    "weight": 2,
  },
  {
    "family": "basic",
    "key": "basicDamageReduction",
    "max": 180,
    "min": 60,
    "slots": [
      "armor",
    ],
    "statusId": 160,
    "unit": "basis-points",
    "weight": 2,
  },
  {
    "family": "skill",
    "key": "skillDamage",
    "max": 180,
    "min": 60,
    "slots": [
      "weapon",
      "accessory",
    ],
    "statusId": 44,
    "unit": "basis-points",
    "weight": 2,
  },
  {
    "family": "skill",
    "key": "skillDamageReduction",
    "max": 180,
    "min": 60,
    "slots": [
      "armor",
    ],
    "statusId": 45,
    "unit": "basis-points",
    "weight": 2,
  },
  {
    "family": "context",
    "key": "bossDamage",
    "max": 220,
    "min": 80,
    "slots": [
      "weapon",
      "accessory",
    ],
    "statusId": 41,
    "unit": "basis-points",
    "weight": 2,
  },
  {
    "family": "context",
    "key": "monsterDamage",
    "max": 220,
    "min": 80,
    "slots": [
      "weapon",
      "accessory",
    ],
    "statusId": 40,
    "unit": "basis-points",
    "weight": 2,
  },
  {
    "family": "context",
    "key": "pvpDamage",
    "max": 220,
    "min": 80,
    "slots": [
      "weapon",
      "accessory",
    ],
    "statusId": 38,
    "unit": "basis-points",
    "weight": 2,
  },
  {
    "family": "context",
    "key": "monsterDamageReduction",
    "max": 220,
    "min": 80,
    "slots": [
      "armor",
    ],
    "statusId": 42,
    "unit": "basis-points",
    "weight": 2,
  },
  {
    "family": "context",
    "key": "bossDamageReduction",
    "max": 220,
    "min": 80,
    "slots": [
      "armor",
    ],
    "statusId": 43,
    "unit": "basis-points",
    "weight": 2,
  },
  {
    "family": "context",
    "key": "pvpDamageReduction",
    "max": 220,
    "min": 80,
    "slots": [
      "armor",
    ],
    "statusId": 39,
    "unit": "basis-points",
    "weight": 2,
  },
]
`;
