// Vitest Snapshot v1, https://vitest.dev/guide/snapshot.html

exports[`MIR4 build balance > keeps the compact build registry unique, technical, and budgeted > complete opportunity-cost registry 1`] = `
[
  {
    "budgetUnit": 12,
    "budgetWeight": 1,
    "canonicalStatusId": 1,
    "family": "resource",
    "key": "max-health",
    "slots": [
      "weapon",
      "accessory",
      "armor",
      "protection",
      "mount",
      "spirit",
      "codex",
      "training",
    ],
    "sources": [
      "class",
      "level",
      "equipment",
      "mount",
      "spirit",
      "codex",
      "training",
      "collection",
    ],
    "valueKind": "flat",
  },
  {
    "budgetUnit": 8,
    "budgetWeight": 0.75,
    "canonicalStatusId": 6,
    "family": "resource",
    "key": "max-mana",
    "slots": [
      "accessory",
      "armor",
      "spirit",
      "codex",
      "training",
    ],
    "sources": [
      "class",
      "level",
      "equipment",
      "mount",
      "spirit",
      "codex",
      "training",
      "collection",
    ],
    "valueKind": "flat",
  },
  {
    "budgetUnit": 1,
    "budgetWeight": 1,
    "canonicalStatusId": 20,
    "family": "power",
    "key": "physical-attack",
    "slots": [
      "weapon",
      "accessory",
      "spirit",
      "codex",
      "training",
    ],
    "sources": [
      "class",
      "level",
      "equipment",
      "mount",
      "spirit",
      "codex",
      "training",
      "collection",
    ],
    "valueKind": "flat",
  },
  {
    "budgetUnit": 1,
    "budgetWeight": 1,
    "canonicalStatusId": 22,
    "family": "power",
    "key": "magic-attack",
    "slots": [
      "weapon",
      "accessory",
      "spirit",
      "codex",
      "training",
    ],
    "sources": [
      "class",
      "level",
      "equipment",
      "mount",
      "spirit",
      "codex",
      "training",
      "collection",
    ],
    "valueKind": "flat",
  },
  {
    "budgetUnit": 1,
    "budgetWeight": 0.9,
    "canonicalStatusId": 24,
    "family": "defense",
    "key": "physical-defense",
    "slots": [
      "armor",
      "protection",
      "mount",
      "codex",
      "training",
    ],
    "sources": [
      "class",
      "level",
      "equipment",
      "mount",
      "spirit",
      "codex",
      "training",
      "collection",
    ],
    "valueKind": "flat",
  },
  {
    "budgetUnit": 1,
    "budgetWeight": 0.9,
    "canonicalStatusId": 26,
    "family": "defense",
    "key": "magic-defense",
    "slots": [
      "armor",
      "protection",
      "mount",
      "codex",
      "training",
    ],
    "sources": [
      "class",
      "level",
      "equipment",
      "mount",
      "spirit",
      "codex",
      "training",
      "collection",
    ],
    "valueKind": "flat",
  },
  {
    "budgetUnit": 1,
    "budgetWeight": 0.8,
    "canonicalStatusId": 28,
    "family": "precision",
    "key": "accuracy",
    "slots": [
      "weapon",
      "accessory",
      "spirit",
      "codex",
      "training",
    ],
    "sources": [
      "equipment",
      "mount",
      "spirit",
      "codex",
      "training",
      "collection",
    ],
    "valueKind": "rating",
  },
  {
    "budgetUnit": 1,
    "budgetWeight": 1,
    "canonicalStatusId": 29,
    "family": "precision",
    "key": "evasion",
    "slots": [
      "armor",
      "protection",
      "mount",
      "codex",
      "training",
    ],
    "sources": [
      "equipment",
      "mount",
      "spirit",
      "codex",
      "training",
      "collection",
    ],
    "valueKind": "rating",
  },
  {
    "budgetUnit": 1,
    "budgetWeight": 1,
    "canonicalStatusId": 30,
    "family": "critical",
    "key": "critical-chance",
    "slots": [
      "weapon",
      "accessory",
      "spirit",
      "codex",
      "training",
    ],
    "sources": [
      "equipment",
      "mount",
      "spirit",
      "codex",
      "training",
      "collection",
    ],
    "valueKind": "rating",
  },
  {
    "budgetUnit": 1,
    "budgetWeight": 1.1,
    "canonicalStatusId": 31,
    "family": "critical",
    "key": "critical-evasion",
    "slots": [
      "armor",
      "protection",
      "mount",
      "codex",
      "training",
    ],
    "sources": [
      "equipment",
      "mount",
      "spirit",
      "codex",
      "training",
      "collection",
    ],
    "valueKind": "rating",
  },
  {
    "budgetUnit": 1,
    "budgetWeight": 1.25,
    "canonicalStatusId": 32,
    "family": "critical",
    "key": "critical-damage",
    "slots": [
      "weapon",
      "accessory",
      "spirit",
      "codex",
      "training",
    ],
    "sources": [
      "equipment",
      "mount",
      "spirit",
      "codex",
      "training",
      "collection",
    ],
    "valueKind": "rating",
  },
  {
    "budgetUnit": 1,
    "budgetWeight": 1.25,
    "canonicalStatusId": 33,
    "family": "critical",
    "key": "critical-damage-protection",
    "slots": [
      "armor",
      "protection",
      "mount",
      "codex",
      "training",
    ],
    "sources": [
      "equipment",
      "mount",
      "spirit",
      "codex",
      "training",
      "collection",
    ],
    "valueKind": "rating",
  },
  {
    "budgetUnit": 10,
    "budgetWeight": 1.6,
    "canonicalStatusId": 46,
    "family": "amplification",
    "key": "all-damage",
    "slots": [
      "weapon",
      "accessory",
      "spirit",
      "codex",
      "training",
    ],
    "sources": [
      "equipment",
      "mount",
      "spirit",
      "codex",
      "training",
      "collection",
    ],
    "valueKind": "basis-points",
  },
  {
    "budgetUnit": 10,
    "budgetWeight": 1.8,
    "canonicalStatusId": 47,
    "family": "amplification",
    "key": "all-damage-reduction",
    "slots": [
      "armor",
      "protection",
      "mount",
      "codex",
      "training",
    ],
    "sources": [
      "equipment",
      "mount",
      "spirit",
      "codex",
      "training",
      "collection",
    ],
    "valueKind": "basis-points",
  },
  {
    "budgetUnit": 10,
    "budgetWeight": 1.2,
    "canonicalStatusId": 44,
    "family": "amplification",
    "key": "skill-damage",
    "slots": [
      "weapon",
      "accessory",
      "spirit",
      "codex",
      "training",
    ],
    "sources": [
      "equipment",
      "mount",
      "spirit",
      "codex",
      "training",
      "collection",
    ],
    "valueKind": "basis-points",
  },
  {
    "budgetUnit": 10,
    "budgetWeight": 1.35,
    "canonicalStatusId": 45,
    "family": "amplification",
    "key": "skill-damage-reduction",
    "slots": [
      "armor",
      "protection",
      "mount",
      "codex",
      "training",
    ],
    "sources": [
      "equipment",
      "mount",
      "spirit",
      "codex",
      "training",
      "collection",
    ],
    "valueKind": "basis-points",
  },
  {
    "budgetUnit": 10,
    "budgetWeight": 1.1,
    "canonicalStatusId": 159,
    "family": "amplification",
    "key": "basic-damage",
    "slots": [
      "weapon",
      "accessory",
      "spirit",
      "codex",
      "training",
    ],
    "sources": [
      "equipment",
      "mount",
      "spirit",
      "codex",
      "training",
      "collection",
    ],
    "valueKind": "basis-points",
  },
  {
    "budgetUnit": 10,
    "budgetWeight": 1.25,
    "canonicalStatusId": 160,
    "family": "amplification",
    "key": "basic-damage-reduction",
    "slots": [
      "armor",
      "protection",
      "mount",
      "codex",
      "training",
    ],
    "sources": [
      "equipment",
      "mount",
      "spirit",
      "codex",
      "training",
      "collection",
    ],
    "valueKind": "basis-points",
  },
  {
    "budgetUnit": 10,
    "budgetWeight": 1.4,
    "canonicalStatusId": 38,
    "family": "amplification",
    "key": "pvp-damage",
    "slots": [
      "weapon",
      "accessory",
      "spirit",
      "codex",
      "training",
    ],
    "sources": [
      "equipment",
      "mount",
      "spirit",
      "codex",
      "training",
      "collection",
    ],
    "valueKind": "basis-points",
  },
  {
    "budgetUnit": 10,
    "budgetWeight": 1.55,
    "canonicalStatusId": 39,
    "family": "amplification",
    "key": "pvp-damage-reduction",
    "slots": [
      "armor",
      "protection",
      "mount",
      "codex",
      "training",
    ],
    "sources": [
      "equipment",
      "mount",
      "spirit",
      "codex",
      "training",
      "collection",
    ],
    "valueKind": "basis-points",
  },
  {
    "budgetUnit": 10,
    "budgetWeight": 1.4,
    "canonicalStatusId": null,
    "family": "penetration",
    "key": "penetration",
    "slots": [
      "weapon",
      "accessory",
      "spirit",
      "codex",
      "training",
    ],
    "sources": [
      "equipment",
      "mount",
      "spirit",
      "codex",
      "training",
      "collection",
    ],
    "valueKind": "basis-points",
  },
  {
    "budgetUnit": 10,
    "budgetWeight": 1.5,
    "canonicalStatusId": null,
    "family": "penetration",
    "key": "penetration-protection",
    "slots": [
      "armor",
      "protection",
      "mount",
      "codex",
      "training",
    ],
    "sources": [
      "equipment",
      "mount",
      "spirit",
      "codex",
      "training",
      "collection",
    ],
    "valueKind": "basis-points",
  },
  {
    "budgetUnit": 10,
    "budgetWeight": 1.25,
    "canonicalStatusId": 48,
    "family": "control",
    "key": "control-success",
    "slots": [
      "weapon",
      "accessory",
      "spirit",
      "codex",
      "training",
    ],
    "sources": [
      "equipment",
      "mount",
      "spirit",
      "codex",
      "training",
      "collection",
    ],
    "valueKind": "basis-points",
  },
  {
    "budgetUnit": 10,
    "budgetWeight": 1.25,
    "canonicalStatusId": 49,
    "family": "control",
    "key": "control-resistance",
    "slots": [
      "armor",
      "protection",
      "mount",
      "codex",
      "training",
    ],
    "sources": [
      "equipment",
      "mount",
      "spirit",
      "codex",
      "training",
      "collection",
    ],
    "valueKind": "basis-points",
  },
  {
    "budgetUnit": 10,
    "budgetWeight": 1.35,
    "canonicalStatusId": 153,
    "family": "control",
    "key": "control-duration",
    "slots": [
      "weapon",
      "accessory",
      "spirit",
      "codex",
      "training",
    ],
    "sources": [
      "equipment",
      "mount",
      "spirit",
      "codex",
      "training",
      "collection",
    ],
    "valueKind": "basis-points",
  },
  {
    "budgetUnit": 1,
    "budgetWeight": 1.5,
    "canonicalStatusId": null,
    "family": "control",
    "key": "tenacity",
    "slots": [
      "armor",
      "protection",
      "mount",
      "codex",
      "training",
    ],
    "sources": [
      "equipment",
      "mount",
      "spirit",
      "codex",
      "training",
      "collection",
    ],
    "valueKind": "rating",
  },
  {
    "budgetUnit": 10,
    "budgetWeight": 1.4,
    "canonicalStatusId": null,
    "family": "tempo",
    "key": "attack-speed",
    "slots": [
      "weapon",
      "accessory",
      "mount",
      "spirit",
      "codex",
      "training",
    ],
    "sources": [
      "equipment",
      "mount",
      "spirit",
      "codex",
      "training",
      "collection",
    ],
    "valueKind": "basis-points",
  },
  {
    "budgetUnit": 10,
    "budgetWeight": 1.7,
    "canonicalStatusId": 95,
    "family": "tempo",
    "key": "cooldown-reduction",
    "slots": [
      "accessory",
      "spirit",
      "codex",
      "training",
    ],
    "sources": [
      "equipment",
      "mount",
      "spirit",
      "codex",
      "training",
      "collection",
    ],
    "valueKind": "basis-points",
  },
  {
    "budgetUnit": 10,
    "budgetWeight": 1.8,
    "canonicalStatusId": 80,
    "family": "sustain",
    "key": "health-drain",
    "slots": [
      "weapon",
      "accessory",
      "spirit",
      "codex",
    ],
    "sources": [
      "equipment",
      "mount",
      "spirit",
      "codex",
      "training",
      "collection",
    ],
    "valueKind": "basis-points",
  },
  {
    "budgetUnit": 10,
    "budgetWeight": 1.5,
    "canonicalStatusId": 81,
    "family": "sustain",
    "key": "mana-drain",
    "slots": [
      "weapon",
      "accessory",
      "spirit",
      "codex",
    ],
    "sources": [
      "equipment",
      "mount",
      "spirit",
      "codex",
      "training",
      "collection",
    ],
    "valueKind": "basis-points",
  },
]
`;
